---
source: src/lexer.rs
description: "[1, 2.0, 3]"
expression: lex_errs
---
[]
