---
source: src/lexer.rs
description: "{}"
expression: lex_errs
---
[]
