---
source: src/lexer.rs
description: "{ 1; 2.0; }"
expression: lex_errs
---
[]
