---
source: src/lexer.rs
description: "{ 1; { 2; [3, 4]; } }"
expression: lex_errs
---
[]
