---
source: src/lexer.rs
description: "123.456"
expression: lex_errs
---
[]
