---
source: src/lexer.rs
description: "fn|| {}"
expression: lex_errs
---
[]
