---
source: src/lexer.rs
description: ""
expression: tokens
---
Some(
    [],
)
