---
source: src/lexer.rs
description: ()
expression: tokens
---
Some(
    [
        (
            Control(
                Unit,
            ),
            0..2,
        ),
    ],
)
