---
source: src/lexer.rs
description: "{ 1; 2; }"
expression: lex_errs
---
[]
