---
source: src/lexer.rs
description: ((((((a + b) * c) / d) - e) + f) * g)
expression: lex_errs
---
[]
