---
source: src/lexer.rs
description: true false
expression: lex_errs
---
[]
