---
source: src/lexer.rs
description: return var fn if else for while in break continue
expression: lex_errs
---
[]
