---
source: src/lexer.rs
description: "fn|a, b| { a + 1.0; }"
expression: lex_errs
---
[]
