---
source: src/lexer.rs
description: "123"
expression: lex_errs
---
[]
